Archive member included to satisfy reference by file (symbol)

c:/ac6/systemworkbench/plugins/fr.ac6.mcu.externaltools.arm-none.win32_1.7.0.201602121829/tools/compiler/bin/../lib/gcc/arm-none-eabi/5.2.1/armv6-m\libgcc.a(_udivsi3.o)
                              Drivers/STM32L0xx_HAL_Driver/Src/stm32l0xx_hal.o (__aeabi_uidiv)
c:/ac6/systemworkbench/plugins/fr.ac6.mcu.externaltools.arm-none.win32_1.7.0.201602121829/tools/compiler/bin/../lib/gcc/arm-none-eabi/5.2.1/armv6-m\libgcc.a(_dvmd_tls.o)
                              c:/ac6/systemworkbench/plugins/fr.ac6.mcu.externaltools.arm-none.win32_1.7.0.201602121829/tools/compiler/bin/../lib/gcc/arm-none-eabi/5.2.1/armv6-m\libgcc.a(_udivsi3.o) (__aeabi_idiv0)
c:/ac6/systemworkbench/plugins/fr.ac6.mcu.externaltools.arm-none.win32_1.7.0.201602121829/tools/compiler/bin/../lib/gcc/arm-none-eabi/5.2.1/../../../../arm-none-eabi/lib/armv6-m\libc_nano.a(lib_a-exit.o)
                              c:/ac6/systemworkbench/plugins/fr.ac6.mcu.externaltools.arm-none.win32_1.7.0.201602121829/tools/compiler/bin/../lib/gcc/arm-none-eabi/5.2.1/../../../../arm-none-eabi/lib/armv6-m/crt0.o (exit)
c:/ac6/systemworkbench/plugins/fr.ac6.mcu.externaltools.arm-none.win32_1.7.0.201602121829/tools/compiler/bin/../lib/gcc/arm-none-eabi/5.2.1/../../../../arm-none-eabi/lib/armv6-m\libc_nano.a(lib_a-impure.o)
                              c:/ac6/systemworkbench/plugins/fr.ac6.mcu.externaltools.arm-none.win32_1.7.0.201602121829/tools/compiler/bin/../lib/gcc/arm-none-eabi/5.2.1/../../../../arm-none-eabi/lib/armv6-m\libc_nano.a(lib_a-exit.o) (_global_impure_ptr)
c:/ac6/systemworkbench/plugins/fr.ac6.mcu.externaltools.arm-none.win32_1.7.0.201602121829/tools/compiler/bin/../lib/gcc/arm-none-eabi/5.2.1/../../../../arm-none-eabi/lib/armv6-m\libc_nano.a(lib_a-init.o)
                              c:/ac6/systemworkbench/plugins/fr.ac6.mcu.externaltools.arm-none.win32_1.7.0.201602121829/tools/compiler/bin/../lib/gcc/arm-none-eabi/5.2.1/../../../../arm-none-eabi/lib/armv6-m/crt0.o (__libc_init_array)
c:/ac6/systemworkbench/plugins/fr.ac6.mcu.externaltools.arm-none.win32_1.7.0.201602121829/tools/compiler/bin/../lib/gcc/arm-none-eabi/5.2.1/../../../../arm-none-eabi/lib/armv6-m\libc_nano.a(lib_a-memset.o)
                              c:/ac6/systemworkbench/plugins/fr.ac6.mcu.externaltools.arm-none.win32_1.7.0.201602121829/tools/compiler/bin/../lib/gcc/arm-none-eabi/5.2.1/../../../../arm-none-eabi/lib/armv6-m/crt0.o (memset)
c:/ac6/systemworkbench/plugins/fr.ac6.mcu.externaltools.arm-none.win32_1.7.0.201602121829/tools/compiler/bin/../lib/gcc/arm-none-eabi/5.2.1/../../../../arm-none-eabi/lib/armv6-m\libnosys.a(_exit.o)
                              c:/ac6/systemworkbench/plugins/fr.ac6.mcu.externaltools.arm-none.win32_1.7.0.201602121829/tools/compiler/bin/../lib/gcc/arm-none-eabi/5.2.1/../../../../arm-none-eabi/lib/armv6-m\libc_nano.a(lib_a-exit.o) (_exit)

Allocating common symbols
Common symbol       size              file

uwTick              0x4               Drivers/STM32L0xx_HAL_Driver/Src/stm32l0xx_hal.o
pFlash              0x18              Drivers/STM32L0xx_HAL_Driver/Src/stm32l0xx_hal_flash.o
count1              0x4               Src/main.o
htim2               0x38              Src/main.o

Discarded input sections

 .text          0x00000000        0x0 c:/ac6/systemworkbench/plugins/fr.ac6.mcu.externaltools.arm-none.win32_1.7.0.201602121829/tools/compiler/bin/../lib/gcc/arm-none-eabi/5.2.1/armv6-m/crti.o
 .data          0x00000000        0x0 c:/ac6/systemworkbench/plugins/fr.ac6.mcu.externaltools.arm-none.win32_1.7.0.201602121829/tools/compiler/bin/../lib/gcc/arm-none-eabi/5.2.1/armv6-m/crti.o
 .bss           0x00000000        0x0 c:/ac6/systemworkbench/plugins/fr.ac6.mcu.externaltools.arm-none.win32_1.7.0.201602121829/tools/compiler/bin/../lib/gcc/arm-none-eabi/5.2.1/armv6-m/crti.o
 .data          0x00000000        0x4 c:/ac6/systemworkbench/plugins/fr.ac6.mcu.externaltools.arm-none.win32_1.7.0.201602121829/tools/compiler/bin/../lib/gcc/arm-none-eabi/5.2.1/armv6-m/crtbegin.o
 .text          0x00000000       0x78 c:/ac6/systemworkbench/plugins/fr.ac6.mcu.externaltools.arm-none.win32_1.7.0.201602121829/tools/compiler/bin/../lib/gcc/arm-none-eabi/5.2.1/../../../../arm-none-eabi/lib/armv6-m/crt0.o
 .data          0x00000000        0x0 c:/ac6/systemworkbench/plugins/fr.ac6.mcu.externaltools.arm-none.win32_1.7.0.201602121829/tools/compiler/bin/../lib/gcc/arm-none-eabi/5.2.1/../../../../arm-none-eabi/lib/armv6-m/crt0.o
 .bss           0x00000000        0x0 c:/ac6/systemworkbench/plugins/fr.ac6.mcu.externaltools.arm-none.win32_1.7.0.201602121829/tools/compiler/bin/../lib/gcc/arm-none-eabi/5.2.1/../../../../arm-none-eabi/lib/armv6-m/crt0.o
 .ARM.extab     0x00000000        0x0 c:/ac6/systemworkbench/plugins/fr.ac6.mcu.externaltools.arm-none.win32_1.7.0.201602121829/tools/compiler/bin/../lib/gcc/arm-none-eabi/5.2.1/../../../../arm-none-eabi/lib/armv6-m/crt0.o
[...]
Memory Configuration

Name             Origin             Length             Attributes
RAM              0x20000000         0x00005000         xrw
FLASH            0x08000000         0x00030000         xr
*default*        0x00000000         0xffffffff

Linker script and memory map

LOAD c:/ac6/systemworkbench/plugins/fr.ac6.mcu.externaltools.arm-none.win32_1.7.0.201602121829/tools/compiler/bin/../lib/gcc/arm-none-eabi/5.2.1/armv6-m/crti.o
LOAD c:/ac6/systemworkbench/plugins/fr.ac6.mcu.externaltools.arm-none.win32_1.7.0.201602121829/tools/compiler/bin/../lib/gcc/arm-none-eabi/5.2.1/armv6-m/crtbegin.o
LOAD c:/ac6/systemworkbench/plugins/fr.ac6.mcu.externaltools.arm-none.win32_1.7.0.201602121829/tools/compiler/bin/../lib/gcc/arm-none-eabi/5.2.1/../../../../arm-none-eabi/lib/armv6-m/crt0.o
LOAD c:/ac6/systemworkbench/plugins/fr.ac6.mcu.externaltools.arm-none.win32_1.7.0.201602121829/tools/compiler/bin/../lib/gcc/arm-none-eabi/5.2.1/../../../../arm-none-eabi/lib/armv6-m\libm.a
LOAD Drivers/STM32L0xx_HAL_Driver/Src/stm32l0xx_hal.o
LOAD Drivers/STM32L0xx_HAL_Driver/Src/stm32l0xx_hal_cortex.o
LOAD Drivers/STM32L0xx_HAL_Driver/Src/stm32l0xx_hal_dma.o
LOAD Drivers/STM32L0xx_HAL_Driver/Src/stm32l0xx_hal_flash.o
LOAD Drivers/STM32L0xx_HAL_Driver/Src/stm32l0xx_hal_flash_ex.o
LOAD Drivers/STM32L0xx_HAL_Driver/Src/stm32l0xx_hal_flash_ramfunc.o
LOAD Drivers/STM32L0xx_HAL_Driver/Src/stm32l0xx_hal_gpio.o
LOAD Drivers/STM32L0xx_HAL_Driver/Src/stm32l0xx_hal_i2c.o
LOAD Drivers/STM32L0xx_HAL_Driver/Src/stm32l0xx_hal_i2c_ex.o
LOAD Drivers/STM32L0xx_HAL_Driver/Src/stm32l0xx_hal_pwr.o
LOAD Drivers/STM32L0xx_HAL_Driver/Src/stm32l0xx_hal_pwr_ex.o
LOAD Drivers/STM32L0xx_HAL_Driver/Src/stm32l0xx_hal_rcc.o
LOAD Drivers/STM32L0xx_HAL_Driver/Src/stm32l0xx_hal_rcc_ex.o
LOAD Drivers/STM32L0xx_HAL_Driver/Src/stm32l0xx_hal_tim.o
LOAD Drivers/STM32L0xx_HAL_Driver/Src/stm32l0xx_hal_tim_ex.o
LOAD Src/main.o
LOAD Src/stm32l0xx_hal_msp.o
LOAD Src/stm32l0xx_it.o
LOAD Src/system_stm32l0xx.o
LOAD startup/startup_stm32l073xx.o
START GROUP
LOAD c:/ac6/systemworkbench/plugins/fr.ac6.mcu.externaltools.arm-none.win32_1.7.0.201602121829/tools/compiler/bin/../lib/gcc/arm-none-eabi/5.2.1/armv6-m\libgcc.a
LOAD c:/ac6/systemworkbench/plugins/fr.ac6.mcu.externaltools.arm-none.win32_1.7.0.201602121829/tools/compiler/bin/../lib/gcc/arm-none-eabi/5.2.1/../../../../arm-none-eabi/lib/armv6-m\libc_nano.a
END GROUP
START GROUP
LOAD c:/ac6/systemworkbench/plugins/fr.ac6.mcu.externaltools.arm-none.win32_1.7.0.201602121829/tools/compiler/bin/../lib/gcc/arm-none-eabi/5.2.1/armv6-m\libgcc.a
LOAD c:/ac6/systemworkbench/plugins/fr.ac6.mcu.externaltools.arm-none.win32_1.7.0.201602121829/tools/compiler/bin/../lib/gcc/arm-none-eabi/5.2.1/../../../../arm-none-eabi/lib/armv6-m\libc_nano.a
LOAD c:/ac6/systemworkbench/plugins/fr.ac6.mcu.externaltools.arm-none.win32_1.7.0.201602121829/tools/compiler/bin/../lib/gcc/arm-none-eabi/5.2.1/../../../../arm-none-eabi/lib/armv6-m\libnosys.a
END GROUP
START GROUP
LOAD c:/ac6/systemworkbench/plugins/fr.ac6.mcu.externaltools.arm-none.win32_1.7.0.201602121829/tools/compiler/bin/../lib/gcc/arm-none-eabi/5.2.1/armv6-m\libgcc.a
LOAD c:/ac6/systemworkbench/plugins/fr.ac6.mcu.externaltools.arm-none.win32_1.7.0.201602121829/tools/compiler/bin/../lib/gcc/arm-none-eabi/5.2.1/../../../../arm-none-eabi/lib/armv6-m\libc_nano.a
LOAD c:/ac6/systemworkbench/plugins/fr.ac6.mcu.externaltools.arm-none.win32_1.7.0.201602121829/tools/compiler/bin/../lib/gcc/arm-none-eabi/5.2.1/../../../../arm-none-eabi/lib/armv6-m\libnosys.a
END GROUP
LOAD c:/ac6/systemworkbench/plugins/fr.ac6.mcu.externaltools.arm-none.win32_1.7.0.201602121829/tools/compiler/bin/../lib/gcc/arm-none-eabi/5.2.1/armv6-m/crtend.o
LOAD c:/ac6/systemworkbench/plugins/fr.ac6.mcu.externaltools.arm-none.win32_1.7.0.201602121829/tools/compiler/bin/../lib/gcc/arm-none-eabi/5.2.1/armv6-m/crtn.o
                0x20005000                _estack = 0x20005000
                0x00000200                _Min_Heap_Size = 0x200
                0x00000400                _Min_Stack_Size = 0x400

.isr_vector     0x08000000       0xc0
                0x08000000                . = ALIGN (0x4)
 *(.isr_vector)
 .isr_vector    0x08000000       0xc0 startup/startup_stm32l073xx.o
                0x08000000                g_pfnVectors
                0x080000c0                . = ALIGN (0x4)

.text           0x080000c0     0x12c8
                0x080000c0                . = ALIGN (0x4)
 *(.text)
 .text          0x080000c0       0xb4 c:/ac6/systemworkbench/plugins/fr.ac6.mcu.externaltools.arm-none.win32_1.7.0.201602121829/tools/compiler/bin/../lib/gcc/arm-none-eabi/5.2.1/armv6-m/crtbegin.o
 .text          0x08000174      0x114 c:/ac6/systemworkbench/plugins/fr.ac6.mcu.externaltools.arm-none.win32_1.7.0.201602121829/tools/compiler/bin/../lib/gcc/arm-none-eabi/5.2.1/armv6-m\libgcc.a(_udivsi3.o)
                0x08000174                __aeabi_uidiv
                0x08000174                __udivsi3
                0x08000280                __aeabi_uidivmod
 .text          0x08000288        0x4 c:/ac6/systemworkbench/plugins/fr.ac6.mcu.externaltools.arm-none.win32_1.7.0.201602121829/tools/compiler/bin/../lib/gcc/arm-none-eabi/5.2.1/armv6-m\libgcc.a(_dvmd_tls.o)
                0x08000288                __aeabi_idiv0
                0x08000288                __aeabi_ldiv0
 *(.text*)
 .text.HAL_InitTick
                0x0800028c       0x28 Drivers/STM32L0xx_HAL_Driver/Src/stm32l0xx_hal.o
                0x0800028c                HAL_InitTick
 .text.HAL_Init
                0x080002b4       0x20 Drivers/STM32L0xx_HAL_Driver/Src/stm32l0xx_hal.o
                0x080002b4                HAL_Init
 .text.HAL_IncTick
                0x080002d4       0x10 Drivers/STM32L0xx_HAL_Driver/Src/stm32l0xx_hal.o
                0x080002d4                HAL_IncTick
 .text.HAL_GetTick
                0x080002e4        0xc Drivers/STM32L0xx_HAL_Driver/Src/stm32l0xx_hal.o
                0x080002e4                HAL_GetTick
 .text.HAL_NVIC_SetPriority
                0x080002f0       0x64 Drivers/STM32L0xx_HAL_Driver/Src/stm32l0xx_hal_cortex.o
                0x080002f0                HAL_NVIC_SetPriority
 .text.HAL_SYSTICK_Config
                0x08000354       0x38 Drivers/STM32L0xx_HAL_Driver/Src/stm32l0xx_hal_cortex.o
                0x08000354                HAL_SYSTICK_Config
 .text.HAL_SYSTICK_CLKSourceConfig
                0x0800038c       0x20 Drivers/STM32L0xx_HAL_Driver/Src/stm32l0xx_hal_cortex.o
                0x0800038c                HAL_SYSTICK_CLKSourceConfig
 .text.HAL_SYSTICK_Callback
                0x080003ac        0x4 Drivers/STM32L0xx_HAL_Driver/Src/stm32l0xx_hal_cortex.o
                0x080003ac                HAL_SYSTICK_Callback
 .text.HAL_SYSTICK_IRQHandler
                0x080003b0        0x8 Drivers/STM32L0xx_HAL_Driver/Src/stm32l0xx_hal_cortex.o
                0x080003b0                HAL_SYSTICK_IRQHandler
 .text.HAL_GPIO_Init
                0x080003b8      0x1a4 Drivers/STM32L0xx_HAL_Driver/Src/stm32l0xx_hal_gpio.o
                0x080003b8                HAL_GPIO_Init
 .text.HAL_GPIO_WritePin
                0x0800055c        0xc Drivers/STM32L0xx_HAL_Driver/Src/stm32l0xx_hal_gpio.o
                0x0800055c                HAL_GPIO_WritePin
 .text.RCC_SetFlashLatencyFromMSIRange
                0x08000568       0x88 Drivers/STM32L0xx_HAL_Driver/Src/stm32l0xx_hal_rcc.o
 .text.HAL_RCC_OscConfig
                0x080005f0      0x5b8 Drivers/STM32L0xx_HAL_Driver/Src/stm32l0xx_hal_rcc.o
                0x080005f0                HAL_RCC_OscConfig
 .text.HAL_RCC_GetSysClockFreq
                0x08000ba8       0x94 Drivers/STM32L0xx_HAL_Driver/Src/stm32l0xx_hal_rcc.o
                0x08000ba8                HAL_RCC_GetSysClockFreq
 .text.HAL_RCC_ClockConfig
                0x08000c3c      0x1b4 Drivers/STM32L0xx_HAL_Driver/Src/stm32l0xx_hal_rcc.o
                0x08000c3c                HAL_RCC_ClockConfig
 .text.HAL_RCC_GetHCLKFreq
                0x08000df0        0xc Drivers/STM32L0xx_HAL_Driver/Src/stm32l0xx_hal_rcc.o
                0x08000df0                HAL_RCC_GetHCLKFreq
 .text.TIM_Base_SetConfig
                0x08000dfc       0x94 Drivers/STM32L0xx_HAL_Driver/Src/stm32l0xx_hal_tim.o
 .text.TIM_TI1_ConfigInputStage
                0x08000e90       0x24 Drivers/STM32L0xx_HAL_Driver/Src/stm32l0xx_hal_tim.o
 .text.TIM_TI2_ConfigInputStage
                0x08000eb4       0x28 Drivers/STM32L0xx_HAL_Driver/Src/stm32l0xx_hal_tim.o
 .text.TIM_ETR_SetConfig
                0x08000edc       0x18 Drivers/STM32L0xx_HAL_Driver/Src/stm32l0xx_hal_tim.o
 .text.TIM_SlaveTimer_SetConfig
                0x08000ef4       0x78 Drivers/STM32L0xx_HAL_Driver/Src/stm32l0xx_hal_tim.o
 .text.HAL_TIM_Base_Init
                0x08000f6c       0x34 Drivers/STM32L0xx_HAL_Driver/Src/stm32l0xx_hal_tim.o
                0x08000f6c                HAL_TIM_Base_Init
 .text.HAL_TIM_Base_Start
                0x08000fa0       0x18 Drivers/STM32L0xx_HAL_Driver/Src/stm32l0xx_hal_tim.o
                0x08000fa0                HAL_TIM_Base_Start
 .text.HAL_TIM_SlaveConfigSynchronization
                0x08000fb8       0x44 Drivers/STM32L0xx_HAL_Driver/Src/stm32l0xx_hal_tim.o
                0x08000fb8                HAL_TIM_SlaveConfigSynchronization
 .text.HAL_TIMEx_MasterConfigSynchronization
                0x08000ffc       0x4c Drivers/STM32L0xx_HAL_Driver/Src/stm32l0xx_hal_tim_ex.o
                0x08000ffc                HAL_TIMEx_MasterConfigSynchronization
 .text.MX_GPIO_Init
                0x08001048       0x60 Src/main.o
 .text._Error_Handler
                0x080010a8        0x4 Src/main.o
                0x080010a8                _Error_Handler
 .text.MX_TIM2_Init
                0x080010ac       0x78 Src/main.o
 .text.SystemClock_Config
                0x08001124       0x90 Src/main.o
                0x08001124                SystemClock_Config
 .text.main     0x080011b4       0x3c Src/main.o
                0x080011b4                main
 .text.HAL_MspInit
                0x080011f0       0x40 Src/stm32l0xx_hal_msp.o
                0x080011f0                HAL_MspInit
 .text.HAL_TIM_Base_MspInit
                0x08001230       0x38 Src/stm32l0xx_hal_msp.o
                0x08001230                HAL_TIM_Base_MspInit
 .text.SysTick_Handler
                0x08001268        0xc Src/stm32l0xx_it.o
                0x08001268                SysTick_Handler
 .text.SystemInit
                0x08001274       0x5c Src/system_stm32l0xx.o
                0x08001274                SystemInit
 .text.Reset_Handler
                0x080012d0       0x50 startup/startup_stm32l073xx.o
                0x080012d0                Reset_Handler
 .text.Default_Handler
                0x08001320        0x2 startup/startup_stm32l073xx.o
                0x08001320                TSC_IRQHandler
                0x08001320                HardFault_Handler
                0x08001320                ADC1_COMP_IRQHandler
                0x08001320                PVD_IRQHandler
                0x08001320                PendSV_Handler
                0x08001320                NMI_Handler
                0x08001320                I2C1_IRQHandler
                0x08001320                RCC_CRS_IRQHandler
                0x08001320                SPI1_IRQHandler
                0x08001320                TIM6_DAC_IRQHandler
                0x08001320                EXTI2_3_IRQHandler
                0x08001320                I2C2_IRQHandler
                0x08001320                RTC_IRQHandler
                0x08001320                LCD_IRQHandler
                0x08001320                DMA1_Channel4_5_6_7_IRQHandler
                0x08001320                TIM3_IRQHandler
                0x08001320                EXTI4_15_IRQHandler
                0x08001320                DMA1_Channel1_IRQHandler
                0x08001320                USART4_5_IRQHandler
                0x08001320                Default_Handler
                0x08001320                TIM22_IRQHandler
                0x08001320                TIM7_IRQHandler
                0x08001320                EXTI0_1_IRQHandler
                0x08001320                USB_IRQHandler
                0x08001320                I2C3_IRQHandler
                0x08001320                SPI2_IRQHandler
                0x08001320                SVC_Handler
                0x08001320                TIM21_IRQHandler
                0x08001320                WWDG_IRQHandler
                0x08001320                TIM2_IRQHandler
                0x08001320                DMA1_Channel2_3_IRQHandler
                0x08001320                USART2_IRQHandler
                0x08001320                FLASH_IRQHandler
                0x08001320                USART1_IRQHandler
                0x08001320                RNG_LPUART1_IRQHandler
                0x08001320                LPTIM1_IRQHandler
 *fill*         0x08001322        0x2 
 .text.__libc_init_array
                0x08001324       0x4c c:/ac6/systemworkbench/plugins/fr.ac6.mcu.externaltools.arm-none.win32_1.7.0.201602121829/tools/compiler/bin/../lib/gcc/arm-none-eabi/5.2.1/../../../../arm-none-eabi/lib/armv6-m\libc_nano.a(lib_a-init.o)
                0x08001324                __libc_init_array
 *(.glue_7)
 .glue_7        0x08001370        0x0 linker stubs
 *(.glue_7t)
 .glue_7t       0x08001370        0x0 linker stubs
 *(.eh_frame)
 .eh_frame      0x08001370        0x0 c:/ac6/systemworkbench/plugins/fr.ac6.mcu.externaltools.arm-none.win32_1.7.0.201602121829/tools/compiler/bin/../lib/gcc/arm-none-eabi/5.2.1/armv6-m/crtbegin.o
 *(.init)
 .init          0x08001370        0x4 c:/ac6/systemworkbench/plugins/fr.ac6.mcu.externaltools.arm-none.win32_1.7.0.201602121829/tools/compiler/bin/../lib/gcc/arm-none-eabi/5.2.1/armv6-m/crti.o
                0x08001370                _init
 .init          0x08001374        0x8 c:/ac6/systemworkbench/plugins/fr.ac6.mcu.externaltools.arm-none.win32_1.7.0.201602121829/tools/compiler/bin/../lib/gcc/arm-none-eabi/5.2.1/armv6-m/crtn.o
 *(.fini)
 .fini          0x0800137c        0x4 c:/ac6/systemworkbench/plugins/fr.ac6.mcu.externaltools.arm-none.win32_1.7.0.201602121829/tools/compiler/bin/../lib/gcc/arm-none-eabi/5.2.1/armv6-m/crti.o
                0x0800137c                _fini
 .fini          0x08001380        0x8 c:/ac6/systemworkbench/plugins/fr.ac6.mcu.externaltools.arm-none.win32_1.7.0.201602121829/tools/compiler/bin/../lib/gcc/arm-none-eabi/5.2.1/armv6-m/crtn.o
                0x08001388                . = ALIGN (0x4)
                0x08001388                _etext = .

.vfp11_veneer   0x08001388        0x0
 .vfp11_veneer  0x08001388        0x0 linker stubs

.v4_bx          0x08001388        0x0
 .v4_bx         0x08001388        0x0 linker stubs

.iplt           0x08001388        0x0
 .iplt          0x08001388        0x0 c:/ac6/systemworkbench/plugins/fr.ac6.mcu.externaltools.arm-none.win32_1.7.0.201602121829/tools/compiler/bin/../lib/gcc/arm-none-eabi/5.2.1/armv6-m/crtbegin.o

.rodata         0x08001388       0x34
                0x08001388                . = ALIGN (0x4)
 *(.rodata)
 .rodata        0x08001388       0x24 Src/system_stm32l0xx.o
                0x08001388                PLLMulTable
                0x08001394                AHBPrescTable
                0x080013a4                APBPrescTable
 *(.rodata*)
 .rodata.str1.4
                0x080013ac       0x10 Src/main.o
                                  0xe (size before relaxing)
                0x080013bc                . = ALIGN (0x4)

.rel.dyn        0x080013bc        0x0
 .rel.iplt      0x080013bc        0x0 c:/ac6/systemworkbench/plugins/fr.ac6.mcu.externaltools.arm-none.win32_1.7.0.201602121829/tools/compiler/bin/../lib/gcc/arm-none-eabi/5.2.1/armv6-m/crtbegin.o

.ARM.extab
 *(.ARM.extab* .gnu.linkonce.armextab.*)

.ARM            0x080013bc        0x0
                0x080013bc                __exidx_start = .
 *(.ARM.exidx*)
                0x080013bc                __exidx_end = .

.preinit_array  0x080013bc        0x0
                0x080013bc                PROVIDE (__preinit_array_start, .)
 *(.preinit_array*)
                0x080013bc                PROVIDE (__preinit_array_end, .)

.init_array     0x080013bc        0x4
                0x080013bc                PROVIDE (__init_array_start, .)
 *(SORT(.init_array.*))
 *(.init_array*)
 .init_array    0x080013bc        0x4 c:/ac6/systemworkbench/plugins/fr.ac6.mcu.externaltools.arm-none.win32_1.7.0.201602121829/tools/compiler/bin/../lib/gcc/arm-none-eabi/5.2.1/armv6-m/crtbegin.o
                0x080013c0                PROVIDE (__init_array_end, .)

.fini_array     0x080013c0        0x4
                [!provide]                PROVIDE (__fini_array_start, .)
 *(SORT(.fini_array.*))
 *(.fini_array*)
 .fini_array    0x080013c0        0x4 c:/ac6/systemworkbench/plugins/fr.ac6.mcu.externaltools.arm-none.win32_1.7.0.201602121829/tools/compiler/bin/../lib/gcc/arm-none-eabi/5.2.1/armv6-m/crtbegin.o
                [!provide]                PROVIDE (__fini_array_end, .)
                0x080013c4                _sidata = LOADADDR (.data)

.data           0x20000000        0x4 load address 0x080013c4
                0x20000000                . = ALIGN (0x4)
                0x20000000                _sdata = .
 *(.data)
 .data          0x20000000        0x4 Src/system_stm32l0xx.o
                0x20000000                SystemCoreClock
 *(.data*)
                0x20000004                . = ALIGN (0x4)
                0x20000004                _edata = .

.jcr            0x20000004        0x0 load address 0x080013c8
 .jcr           0x20000004        0x0 c:/ac6/systemworkbench/plugins/fr.ac6.mcu.externaltools.arm-none.win32_1.7.0.201602121829/tools/compiler/bin/../lib/gcc/arm-none-eabi/5.2.1/armv6-m/crtbegin.o

.tm_clone_table
                0x20000004        0x0 load address 0x080013c8
 .tm_clone_table
                0x20000004        0x0 c:/ac6/systemworkbench/plugins/fr.ac6.mcu.externaltools.arm-none.win32_1.7.0.201602121829/tools/compiler/bin/../lib/gcc/arm-none-eabi/5.2.1/armv6-m/crtbegin.o
 .tm_clone_table
                0x20000004        0x0 c:/ac6/systemworkbench/plugins/fr.ac6.mcu.externaltools.arm-none.win32_1.7.0.201602121829/tools/compiler/bin/../lib/gcc/arm-none-eabi/5.2.1/armv6-m/crtend.o

.igot.plt       0x20000004        0x0 load address 0x080013c8
 .igot.plt      0x20000004        0x0 c:/ac6/systemworkbench/plugins/fr.ac6.mcu.externaltools.arm-none.win32_1.7.0.201602121829/tools/compiler/bin/../lib/gcc/arm-none-eabi/5.2.1/armv6-m/crtbegin.o
                0x20000004                . = ALIGN (0x4)

.bss            0x20000004       0x5c load address 0x080013c8
                0x20000004                _sbss = .
                0x20000004                __bss_start__ = _sbss
 *(.bss)
 .bss           0x20000004       0x1c c:/ac6/systemworkbench/plugins/fr.ac6.mcu.externaltools.arm-none.win32_1.7.0.201602121829/tools/compiler/bin/../lib/gcc/arm-none-eabi/5.2.1/armv6-m/crtbegin.o
 *(.bss*)
 *(COMMON)
 COMMON         0x20000020        0x4 Drivers/STM32L0xx_HAL_Driver/Src/stm32l0xx_hal.o
                0x20000020                uwTick
 COMMON         0x20000024       0x3c Src/main.o
                0x20000024                count1
                0x20000028                htim2
                0x20000060                . = ALIGN (0x4)
                0x20000060                _ebss = .
                0x20000060                __bss_end__ = _ebss

._user_heap_stack
                0x20000060      0x600 load address 0x080013c8
                0x20000060                . = ALIGN (0x8)
                [!provide]                PROVIDE (end, .)
                [!provide]                PROVIDE (_end, .)
                0x20000260                . = (. + _Min_Heap_Size)
 *fill*         0x20000060      0x200 
                0x20000660                . = (. + _Min_Stack_Size)
 *fill*         0x20000260      0x400 
                0x20000660                . = ALIGN (0x8)

/DISCARD/
 libc.a(*)
 libm.a(*)
 libgcc.a(*)

.ARM.attributes
                0x00000000       0x28
 *(.ARM.attributes)
 .ARM.attributes
                0x00000000       0x1e c:/ac6/systemworkbench/plugins/fr.ac6.mcu.externaltools.arm-none.win32_1.7.0.201602121829/tools/compiler/bin/../lib/gcc/arm-none-eabi/5.2.1/armv6-m/crti.o
 .ARM.attributes
                0x0000001e       0x2c c:/ac6/systemworkbench/plugins/fr.ac6.mcu.externaltools.arm-none.win32_1.7.0.201602121829/tools/compiler/bin/../lib/gcc/arm-none-eabi/5.2.1/armv6-m/crtbegin.o
 .ARM.attributes
                0x0000004a       0x32 Drivers/STM32L0xx_HAL_Driver/Src/stm32l0xx_hal.o
 .ARM.attributes
                0x0000007c       0x32 Drivers/STM32L0xx_HAL_Driver/Src/stm32l0xx_hal_cortex.o
 .ARM.attributes
                0x000000ae       0x32 Drivers/STM32L0xx_HAL_Driver/Src/stm32l0xx_hal_gpio.o
 .ARM.attributes
                0x000000e0       0x32 Drivers/STM32L0xx_HAL_Driver/Src/stm32l0xx_hal_rcc.o
 .ARM.attributes
                0x00000112       0x32 Drivers/STM32L0xx_HAL_Driver/Src/stm32l0xx_hal_tim.o
 .ARM.attributes
                0x00000144       0x32 Drivers/STM32L0xx_HAL_Driver/Src/stm32l0xx_hal_tim_ex.o
 .ARM.attributes
                0x00000176       0x32 Src/main.o
 .ARM.attributes
                0x000001a8       0x32 Src/stm32l0xx_hal_msp.o
 .ARM.attributes
                0x000001da       0x32 Src/stm32l0xx_it.o
 .ARM.attributes
                0x0000020c       0x32 Src/system_stm32l0xx.o
 .ARM.attributes
                0x0000023e       0x22 startup/startup_stm32l073xx.o
 .ARM.attributes
                0x00000260       0x1e c:/ac6/systemworkbench/plugins/fr.ac6.mcu.externaltools.arm-none.win32_1.7.0.201602121829/tools/compiler/bin/../lib/gcc/arm-none-eabi/5.2.1/armv6-m\libgcc.a(_udivsi3.o)
 .ARM.attributes
                0x0000027e       0x1e c:/ac6/systemworkbench/plugins/fr.ac6.mcu.externaltools.arm-none.win32_1.7.0.201602121829/tools/compiler/bin/../lib/gcc/arm-none-eabi/5.2.1/armv6-m\libgcc.a(_dvmd_tls.o)
 .ARM.attributes
                0x0000029c       0x2c c:/ac6/systemworkbench/plugins/fr.ac6.mcu.externaltools.arm-none.win32_1.7.0.201602121829/tools/compiler/bin/../lib/gcc/arm-none-eabi/5.2.1/../../../../arm-none-eabi/lib/armv6-m\libc_nano.a(lib_a-init.o)
 .ARM.attributes
                0x000002c8       0x2c c:/ac6/systemworkbench/plugins/fr.ac6.mcu.externaltools.arm-none.win32_1.7.0.201602121829/tools/compiler/bin/../lib/gcc/arm-none-eabi/5.2.1/armv6-m/crtend.o
 .ARM.attributes
                0x000002f4       0x1e c:/ac6/systemworkbench/plugins/fr.ac6.mcu.externaltools.arm-none.win32_1.7.0.201602121829/tools/compiler/bin/../lib/gcc/arm-none-eabi/5.2.1/armv6-m/crtn.o
OUTPUT(tim_cnt_2.elf elf32-littlearm)

.debug_info     0x00000000     0x6f8b
 .debug_info    0x00000000      0x790 Drivers/STM32L0xx_HAL_Driver/Src/stm32l0xx_hal.o
 .debug_info    0x00000790      0x8b9 Drivers/STM32L0xx_HAL_Driver/Src/stm32l0xx_hal_cortex.o
 .debug_info    0x00001049      0x637 Drivers/STM32L0xx_HAL_Driver/Src/stm32l0xx_hal_gpio.o
 .debug_info    0x00001680      0xbc8 Drivers/STM32L0xx_HAL_Driver/Src/stm32l0xx_hal_rcc.o
 .debug_info    0x00002248     0x2c29 Drivers/STM32L0xx_HAL_Driver/Src/stm32l0xx_hal_tim.o
 .debug_info    0x00004e71      0x5a1 Drivers/STM32L0xx_HAL_Driver/Src/stm32l0xx_hal_tim_ex.o
 .debug_info    0x00005412      0xdbe Src/main.o
 .debug_info    0x000061d0      0x91d Src/stm32l0xx_hal_msp.o
 .debug_info    0x00006aed       0xc5 Src/stm32l0xx_it.o
 .debug_info    0x00006bb2      0x376 Src/system_stm32l0xx.o
 .debug_info    0x00006f28       0x63 startup/startup_stm32l073xx.o

.debug_abbrev   0x00000000     0x10f8
 .debug_abbrev  0x00000000      0x209 Drivers/STM32L0xx_HAL_Driver/Src/stm32l0xx_hal.o
 .debug_abbrev  0x00000209      0x264 Drivers/STM32L0xx_HAL_Driver/Src/stm32l0xx_hal_cortex.o
 .debug_abbrev  0x0000046d      0x1cb Drivers/STM32L0xx_HAL_Driver/Src/stm32l0xx_hal_gpio.o
 .debug_abbrev  0x00000638      0x242 Drivers/STM32L0xx_HAL_Driver/Src/stm32l0xx_hal_rcc.o
 .debug_abbrev  0x0000087a      0x219 Drivers/STM32L0xx_HAL_Driver/Src/stm32l0xx_hal_tim.o
 .debug_abbrev  0x00000a93      0x17e Drivers/STM32L0xx_HAL_Driver/Src/stm32l0xx_hal_tim_ex.o
 .debug_abbrev  0x00000c11      0x1fd Src/main.o
 .debug_abbrev  0x00000e0e      0x182 Src/stm32l0xx_hal_msp.o
 .debug_abbrev  0x00000f90       0x63 Src/stm32l0xx_it.o
 .debug_abbrev  0x00000ff3       0xf3 Src/system_stm32l0xx.o
 .debug_abbrev  0x000010e6       0x12 startup/startup_stm32l073xx.o

.debug_loc      0x00000000     0x434c
 .debug_loc     0x00000000       0xac Drivers/STM32L0xx_HAL_Driver/Src/stm32l0xx_hal.o
 .debug_loc     0x000000ac      0x39b Drivers/STM32L0xx_HAL_Driver/Src/stm32l0xx_hal_cortex.o
 .debug_loc     0x00000447      0x284 Drivers/STM32L0xx_HAL_Driver/Src/stm32l0xx_hal_gpio.o
 .debug_loc     0x000006cb      0x6a7 Drivers/STM32L0xx_HAL_Driver/Src/stm32l0xx_hal_rcc.o
 .debug_loc     0x00000d72     0x33bf Drivers/STM32L0xx_HAL_Driver/Src/stm32l0xx_hal_tim.o
 .debug_loc     0x00004131       0x74 Drivers/STM32L0xx_HAL_Driver/Src/stm32l0xx_hal_tim_ex.o
 .debug_loc     0x000041a5       0x42 Src/stm32l0xx_hal_msp.o
 .debug_loc     0x000041e7      0x165 Src/system_stm32l0xx.o

.debug_aranges  0x00000000      0x6b0
 .debug_aranges
                0x00000000       0xe0 Drivers/STM32L0xx_HAL_Driver/Src/stm32l0xx_hal.o
 .debug_aranges
                0x000000e0       0x80 Drivers/STM32L0xx_HAL_Driver/Src/stm32l0xx_hal_cortex.o
 .debug_aranges
                0x00000160       0x58 Drivers/STM32L0xx_HAL_Driver/Src/stm32l0xx_hal_gpio.o
 .debug_aranges
                0x000001b8       0x88 Drivers/STM32L0xx_HAL_Driver/Src/stm32l0xx_hal_rcc.o
 .debug_aranges
                0x00000240      0x368 Drivers/STM32L0xx_HAL_Driver/Src/stm32l0xx_hal_tim.o
 .debug_aranges
                0x000005a8       0x28 Drivers/STM32L0xx_HAL_Driver/Src/stm32l0xx_hal_tim_ex.o
 .debug_aranges
                0x000005d0       0x40 Src/main.o
 .debug_aranges
                0x00000610       0x30 Src/stm32l0xx_hal_msp.o
 .debug_aranges
                0x00000640       0x20 Src/stm32l0xx_it.o
 .debug_aranges
                0x00000660       0x28 Src/system_stm32l0xx.o
 .debug_aranges
                0x00000688       0x28 startup/startup_stm32l073xx.o

.debug_ranges   0x00000000      0x620
 .debug_ranges  0x00000000       0xd0 Drivers/STM32L0xx_HAL_Driver/Src/stm32l0xx_hal.o
 .debug_ranges  0x000000d0       0x70 Drivers/STM32L0xx_HAL_Driver/Src/stm32l0xx_hal_cortex.o
 .debug_ranges  0x00000140       0x48 Drivers/STM32L0xx_HAL_Driver/Src/stm32l0xx_hal_gpio.o
 .debug_ranges  0x00000188       0x90 Drivers/STM32L0xx_HAL_Driver/Src/stm32l0xx_hal_rcc.o
 .debug_ranges  0x00000218      0x358 Drivers/STM32L0xx_HAL_Driver/Src/stm32l0xx_hal_tim.o
 .debug_ranges  0x00000570       0x18 Drivers/STM32L0xx_HAL_Driver/Src/stm32l0xx_hal_tim_ex.o
 .debug_ranges  0x00000588       0x30 Src/main.o
 .debug_ranges  0x000005b8       0x20 Src/stm32l0xx_hal_msp.o
 .debug_ranges  0x000005d8       0x10 Src/stm32l0xx_it.o
 .debug_ranges  0x000005e8       0x18 Src/system_stm32l0xx.o
 .debug_ranges  0x00000600       0x20 startup/startup_stm32l073xx.o

.debug_macro    0x00000000    0x142b2
 .debug_macro   0x00000000      0x2e3 Drivers/STM32L0xx_HAL_Driver/Src/stm32l0xx_hal.o
 .debug_macro   0x000002e3      0x832 Drivers/STM32L0xx_HAL_Driver/Src/stm32l0xx_hal.o
 .debug_macro   0x00000b15       0x40 Drivers/STM32L0xx_HAL_Driver/Src/stm32l0xx_hal.o
 .debug_macro   0x00000b55       0x97 Drivers/STM32L0xx_HAL_Driver/Src/stm32l0xx_hal.o
 .debug_macro   0x00000bec       0x2e Drivers/STM32L0xx_HAL_Driver/Src/stm32l0xx_hal.o
 .debug_macro   0x00000c1a       0x28 Drivers/STM32L0xx_HAL_Driver/Src/stm32l0xx_hal.o
 .debug_macro   0x00000c42       0x22 Drivers/STM32L0xx_HAL_Driver/Src/stm32l0xx_hal.o
 .debug_macro   0x00000c64       0x44 Drivers/STM32L0xx_HAL_Driver/Src/stm32l0xx_hal.o
 .debug_macro   0x00000ca8       0xfd Drivers/STM32L0xx_HAL_Driver/Src/stm32l0xx_hal.o
 .debug_macro   0x00000da5       0x22 Drivers/STM32L0xx_HAL_Driver/Src/stm32l0xx_hal.o
 .debug_macro   0x00000dc7      0x1df Drivers/STM32L0xx_HAL_Driver/Src/stm32l0xx_hal.o
 .debug_macro   0x00000fa6       0x34 Drivers/STM32L0xx_HAL_Driver/Src/stm32l0xx_hal.o
 .debug_macro   0x00000fda       0x26 Drivers/STM32L0xx_HAL_Driver/Src/stm32l0xx_hal.o
 .debug_macro   0x00001000      0x44f Drivers/STM32L0xx_HAL_Driver/Src/stm32l0xx_hal.o
 .debug_macro   0x0000144f     0xa3ff Drivers/STM32L0xx_HAL_Driver/Src/stm32l0xx_hal.o
 .debug_macro   0x0000b84e       0x3c Drivers/STM32L0xx_HAL_Driver/Src/stm32l0xx_hal.o
 .debug_macro   0x0000b88a     0x34a2 Drivers/STM32L0xx_HAL_Driver/Src/stm32l0xx_hal.o
 .debug_macro   0x0000ed2c       0x58 Drivers/STM32L0xx_HAL_Driver/Src/stm32l0xx_hal.o
 .debug_macro   0x0000ed84       0x35 Drivers/STM32L0xx_HAL_Driver/Src/stm32l0xx_hal.o
 .debug_macro   0x0000edb9       0x9c Drivers/STM32L0xx_HAL_Driver/Src/stm32l0xx_hal.o
 .debug_macro   0x0000ee55       0x16 Drivers/STM32L0xx_HAL_Driver/Src/stm32l0xx_hal.o
 .debug_macro   0x0000ee6b       0x97 Drivers/STM32L0xx_HAL_Driver/Src/stm32l0xx_hal.o
 .debug_macro   0x0000ef02      0x329 Drivers/STM32L0xx_HAL_Driver/Src/stm32l0xx_hal.o
 .debug_macro   0x0000f22b       0xfd Drivers/STM32L0xx_HAL_Driver/Src/stm32l0xx_hal.o
 .debug_macro   0x0000f328       0x10 Drivers/STM32L0xx_HAL_Driver/Src/stm32l0xx_hal.o
 .debug_macro   0x0000f338       0x52 Drivers/STM32L0xx_HAL_Driver/Src/stm32l0xx_hal.o
 .debug_macro   0x0000f38a       0x16 Drivers/STM32L0xx_HAL_Driver/Src/stm32l0xx_hal.o
 .debug_macro   0x0000f3a0       0x43 Drivers/STM32L0xx_HAL_Driver/Src/stm32l0xx_hal.o
 .debug_macro   0x0000f3e3      0x187 Drivers/STM32L0xx_HAL_Driver/Src/stm32l0xx_hal.o
 .debug_macro   0x0000f56a       0x10 Drivers/STM32L0xx_HAL_Driver/Src/stm32l0xx_hal.o
 .debug_macro   0x0000f57a       0x22 Drivers/STM32L0xx_HAL_Driver/Src/stm32l0xx_hal.o
 .debug_macro   0x0000f59c       0x3a Drivers/STM32L0xx_HAL_Driver/Src/stm32l0xx_hal.o
 .debug_macro   0x0000f5d6       0x10 Drivers/STM32L0xx_HAL_Driver/Src/stm32l0xx_hal.o
 .debug_macro   0x0000f5e6       0x40 Drivers/STM32L0xx_HAL_Driver/Src/stm32l0xx_hal.o
 .debug_macro   0x0000f626       0x65 Drivers/STM32L0xx_HAL_Driver/Src/stm32l0xx_hal.o
 .debug_macro   0x0000f68b       0x16 Drivers/STM32L0xx_HAL_Driver/Src/stm32l0xx_hal.o
 .debug_macro   0x0000f6a1      0x197 Drivers/STM32L0xx_HAL_Driver/Src/stm32l0xx_hal.o
 .debug_macro   0x0000f838       0x50 Drivers/STM32L0xx_HAL_Driver/Src/stm32l0xx_hal.o
 .debug_macro   0x0000f888      0x8ee Drivers/STM32L0xx_HAL_Driver/Src/stm32l0xx_hal.o
 .debug_macro   0x00010176      0xbb7 Drivers/STM32L0xx_HAL_Driver/Src/stm32l0xx_hal.o
 .debug_macro   0x00010d2d      0x14d Drivers/STM32L0xx_HAL_Driver/Src/stm32l0xx_hal.o
 .debug_macro   0x00010e7a      0x1d8 Drivers/STM32L0xx_HAL_Driver/Src/stm32l0xx_hal.o
 .debug_macro   0x00011052      0x29c Drivers/STM32L0xx_HAL_Driver/Src/stm32l0xx_hal.o
 .debug_macro   0x000112ee      0x1ef Drivers/STM32L0xx_HAL_Driver/Src/stm32l0xx_hal.o
 .debug_macro   0x000114dd      0x12a Drivers/STM32L0xx_HAL_Driver/Src/stm32l0xx_hal.o
 .debug_macro   0x00011607      0x4bb Drivers/STM32L0xx_HAL_Driver/Src/stm32l0xx_hal.o
 .debug_macro   0x00011ac2      0x202 Drivers/STM32L0xx_HAL_Driver/Src/stm32l0xx_hal.o
 .debug_macro   0x00011cc4       0x5b Drivers/STM32L0xx_HAL_Driver/Src/stm32l0xx_hal.o
 .debug_macro   0x00011d1f       0x90 Drivers/STM32L0xx_HAL_Driver/Src/stm32l0xx_hal.o
 .debug_macro   0x00011daf      0x18f Drivers/STM32L0xx_HAL_Driver/Src/stm32l0xx_hal.o
 .debug_macro   0x00011f3e       0x16 Drivers/STM32L0xx_HAL_Driver/Src/stm32l0xx_hal.o
 .debug_macro   0x00011f54      0x703 Drivers/STM32L0xx_HAL_Driver/Src/stm32l0xx_hal.o
 .debug_macro   0x00012657      0x159 Drivers/STM32L0xx_HAL_Driver/Src/stm32l0xx_hal.o
 .debug_macro   0x000127b0      0x19b Drivers/STM32L0xx_HAL_Driver/Src/stm32l0xx_hal.o
 .debug_macro   0x0001294b      0x2bf Drivers/STM32L0xx_HAL_Driver/Src/stm32l0xx_hal_cortex.o
 .debug_macro   0x00012c0a      0x2f8 Drivers/STM32L0xx_HAL_Driver/Src/stm32l0xx_hal_gpio.o
 .debug_macro   0x00012f02      0x321 Drivers/STM32L0xx_HAL_Driver/Src/stm32l0xx_hal_rcc.o
 .debug_macro   0x00013223      0x2c0 Drivers/STM32L0xx_HAL_Driver/Src/stm32l0xx_hal_tim.o
 .debug_macro   0x000134e3      0x2bf Drivers/STM32L0xx_HAL_Driver/Src/stm32l0xx_hal_tim_ex.o
 .debug_macro   0x000137a2      0x2c3 Src/main.o
 .debug_macro   0x00013a65      0x2bf Src/stm32l0xx_hal_msp.o
 .debug_macro   0x00013d24      0x2c9 Src/stm32l0xx_it.o
 .debug_macro   0x00013fed      0x2c5 Src/system_stm32l0xx.o

.debug_line     0x00000000     0x5d25
 .debug_line    0x00000000      0x8d9 Drivers/STM32L0xx_HAL_Driver/Src/stm32l0xx_hal.o
 .debug_line    0x000008d9      0x88e Drivers/STM32L0xx_HAL_Driver/Src/stm32l0xx_hal_cortex.o
 .debug_line    0x00001167      0x85e Drivers/STM32L0xx_HAL_Driver/Src/stm32l0xx_hal_gpio.o
 .debug_line    0x000019c5      0xa0f Drivers/STM32L0xx_HAL_Driver/Src/stm32l0xx_hal_rcc.o
 .debug_line    0x000023d4     0x147b Drivers/STM32L0xx_HAL_Driver/Src/stm32l0xx_hal_tim.o
 .debug_line    0x0000384f      0x77f Drivers/STM32L0xx_HAL_Driver/Src/stm32l0xx_hal_tim_ex.o
 .debug_line    0x00003fce      0x76b Src/main.o
 .debug_line    0x00004739      0x730 Src/stm32l0xx_hal_msp.o
 .debug_line    0x00004e69      0x70d Src/stm32l0xx_it.o
 .debug_line    0x00005576      0x72c Src/system_stm32l0xx.o
 .debug_line    0x00005ca2       0x83 startup/startup_stm32l073xx.o

.debug_str      0x00000000    0x7b472
 .debug_str     0x00000000    0x7975a Drivers/STM32L0xx_HAL_Driver/Src/stm32l0xx_hal.o
                              0x79b62 (size before relaxing)
 .debug_str     0x0007975a      0x2a1 Drivers/STM32L0xx_HAL_Driver/Src/stm32l0xx_hal_cortex.o
                              0x79964 (size before relaxing)
 .debug_str     0x000799fb      0x2c6 Drivers/STM32L0xx_HAL_Driver/Src/stm32l0xx_hal_gpio.o
                              0x797cb (size before relaxing)
 .debug_str     0x00079cc1      0x59c Drivers/STM32L0xx_HAL_Driver/Src/stm32l0xx_hal_rcc.o
                              0x79bac (size before relaxing)
 .debug_str     0x0007a25d     0x100e Drivers/STM32L0xx_HAL_Driver/Src/stm32l0xx_hal_tim.o
                              0x7a52d (size before relaxing)
 .debug_str     0x0007b26b       0xc7 Drivers/STM32L0xx_HAL_Driver/Src/stm32l0xx_hal_tim_ex.o
                              0x79888 (size before relaxing)
 .debug_str     0x0007b332       0x71 Src/main.o
                              0x79e1d (size before relaxing)
 .debug_str     0x0007b3a3       0x25 Src/stm32l0xx_hal_msp.o
                              0x79afd (size before relaxing)
 .debug_str     0x0007b3c8       0x38 Src/stm32l0xx_it.o
                              0x79424 (size before relaxing)
 .debug_str     0x0007b400       0x72 Src/system_stm32l0xx.o
                              0x79560 (size before relaxing)

.comment        0x00000000       0x6e
 .comment       0x00000000       0x6e Drivers/STM32L0xx_HAL_Driver/Src/stm32l0xx_hal.o
                                 0x6f (size before relaxing)
 .comment       0x0000006e       0x6f Drivers/STM32L0xx_HAL_Driver/Src/stm32l0xx_hal_cortex.o
 .comment       0x0000006e       0x6f Drivers/STM32L0xx_HAL_Driver/Src/stm32l0xx_hal_gpio.o
 .comment       0x0000006e       0x6f Drivers/STM32L0xx_HAL_Driver/Src/stm32l0xx_hal_rcc.o
 .comment       0x0000006e       0x6f Drivers/STM32L0xx_HAL_Driver/Src/stm32l0xx_hal_tim.o
 .comment       0x0000006e       0x6f Drivers/STM32L0xx_HAL_Driver/Src/stm32l0xx_hal_tim_ex.o
 .comment       0x0000006e       0x6f Src/main.o
 .comment       0x0000006e       0x6f Src/stm32l0xx_hal_msp.o
 .comment       0x0000006e       0x6f Src/stm32l0xx_it.o
 .comment       0x0000006e       0x6f Src/system_stm32l0xx.o

.debug_frame    0x00000000     0x1030
 .debug_frame   0x00000000      0x1c4 Drivers/STM32L0xx_HAL_Driver/Src/stm32l0xx_hal.o
 .debug_frame   0x000001c4       0xfc Drivers/STM32L0xx_HAL_Driver/Src/stm32l0xx_hal_cortex.o
 .debug_frame   0x000002c0       0xc8 Drivers/STM32L0xx_HAL_Driver/Src/stm32l0xx_hal_gpio.o
 .debug_frame   0x00000388      0x150 Drivers/STM32L0xx_HAL_Driver/Src/stm32l0xx_hal_rcc.o
 .debug_frame   0x000004d8      0x990 Drivers/STM32L0xx_HAL_Driver/Src/stm32l0xx_hal_tim.o
 .debug_frame   0x00000e68       0x40 Drivers/STM32L0xx_HAL_Driver/Src/stm32l0xx_hal_tim_ex.o
 .debug_frame   0x00000ea8       0x84 Src/main.o
 .debug_frame   0x00000f2c       0x58 Src/stm32l0xx_hal_msp.o
 .debug_frame   0x00000f84       0x28 Src/stm32l0xx_it.o
 .debug_frame   0x00000fac       0x38 Src/system_stm32l0xx.o
 .debug_frame   0x00000fe4       0x20 c:/ac6/systemworkbench/plugins/fr.ac6.mcu.externaltools.arm-none.win32_1.7.0.201602121829/tools/compiler/bin/../lib/gcc/arm-none-eabi/5.2.1/armv6-m\libgcc.a(_udivsi3.o)
 .debug_frame   0x00001004       0x2c c:/ac6/systemworkbench/plugins/fr.ac6.mcu.externaltools.arm-none.win32_1.7.0.201602121829/tools/compiler/bin/../lib/gcc/arm-none-eabi/5.2.1/../../../../arm-none-eabi/lib/armv6-m\libc_nano.a(lib_a-init.o)
